{
  "users_overview": {
    "results": [
      {
        "user_id": "2acb499e-8428-543b-bd85-0d9098718220",
        "num_files": 15,
        "total_size_in_bytes": 5067615,
        "document_ids": [
          "b4ac4dd6-5f27-596e-a55b-7cf242ca30aa",
          "716fea3a-826b-5b27-8e59-ffbd1a35455a",
          "52e12576-090f-59db-91f4-6d4b2e29ae6c",
          "3e157b3a-8469-51db-90d9-52e7d896b49b",
          "01d514a4-5cb1-5c86-be8c-0c5c312a02c9",
          "c3291abf-8a4e-5d9d-80fd-232ef6fd8526",
          "e797da22-8c5d-54e5-bed5-a55954cf6bf9",
          "7c1105fc-8f62-5a8f-ac81-fe88f3ec9e4c",
          "2f576170-c4f9-5141-a910-a0924f341de4",
          "30f950f0-c692-57c5-b6ec-ff78ccf5ccdc",
          "57eec3df-cf68-5559-a80d-ae3fb55b9af1",
          "db02076e-989a-59cd-98d5-e24e15a0bd27",
          "d421207a-d799-5806-8d67-46b2005b15d4",
          "451adbbd-e24e-5c9b-80a8-f424b6c7accb",
          "5b1bd54f-4d70-56b9-a017-a618bc75f94c"
        ]
      }
    ]
  },
  "logs": {
    "results": [
      {
        "run_id": "ad9ece10-fe2f-49e4-835e-1b274dae8167",
        "run_type": "UNSPECIFIED",
        "entries": [],
        "timestamp": "2024-08-14T00:26:03",
        "user_id": "2acb499e-8428-543b-bd85-0d9098718220"
      },
      {
        "run_id": "698aa5cd-dc80-478f-9bb4-ae92c5c344a1",
        "run_type": "UNSPECIFIED",
        "entries": [],
        "timestamp": "2024-08-14T00:26:03",
        "user_id": "2acb499e-8428-543b-bd85-0d9098718220"
      },
      {
        "run_id": "1477b2aa-6ff1-4548-ba07-0a9fb889bf18",
        "run_type": "UNSPECIFIED",
        "entries": [],
        "timestamp": "2024-08-14T00:26:03",
        "user_id": "2acb499e-8428-543b-bd85-0d9098718220"
      },
      {
        "run_id": "0291e48c-2884-46b9-ba95-0ac1515ed60b",
        "run_type": "UNSPECIFIED",
        "entries": [],
        "timestamp": "2024-08-14T00:26:02",
        "user_id": "f36f0a8a-9f12-5979-9416-1fbb7d28a80b"
      },
      {
        "run_id": "b6284a00-2285-44e8-9ed6-dc617b298948",
        "run_type": "UNSPECIFIED",
        "entries": [],
        "timestamp": "2024-08-14T00:26:02",
        "user_id": "2acb499e-8428-543b-bd85-0d9098718220"
      },
      {
        "run_id": "3b57e745-0d33-463c-947a-cb88287e9584",
        "run_type": "UNSPECIFIED",
        "entries": [],
        "timestamp": "2024-08-14T00:26:02",
        "user_id": "2acb499e-8428-543b-bd85-0d9098718220"
      },
      {
        "run_id": "95a75f58-dbcd-47cb-9883-c035aaf8ac48",
        "run_type": "UNSPECIFIED",
        "entries": [],
        "timestamp": "2024-08-14T00:26:01",
        "user_id": "f36f0a8a-9f12-5979-9416-1fbb7d28a80b"
      },
      {
        "run_id": "1032bdaa-324f-482b-ab80-5177a214e981",
        "run_type": "UNSPECIFIED",
        "entries": [],
        "timestamp": "2024-08-14T00:26:01",
        "user_id": "f36f0a8a-9f12-5979-9416-1fbb7d28a80b"
      },
      {
        "run_id": "bc78145e-70d3-47d7-b13c-890e4ea0d098",
        "run_type": "UNSPECIFIED",
        "entries": [],
        "timestamp": "2024-08-14T00:26:01",
        "user_id": "f36f0a8a-9f12-5979-9416-1fbb7d28a80b"
      },
      {
        "run_id": "02a6c397-b69f-4f53-836e-d9ef69dbec10",
        "run_type": "UNSPECIFIED",
        "entries": [],
        "timestamp": "2024-08-14T00:25:59",
        "user_id": "2acb499e-8428-543b-bd85-0d9098718220"
      },
      {
        "run_id": "dfefe355-b78f-463a-ad0b-e4651f20f9f4",
        "run_type": "UNSPECIFIED",
        "entries": [],
        "timestamp": "2024-08-14T00:25:55",
        "user_id": "2acb499e-8428-543b-bd85-0d9098718220"
      },
      {
        "run_id": "4fa823b5-f440-4f5a-88ca-434731fa45c9",
        "run_type": "UNSPECIFIED",
        "entries": [],
        "timestamp": "2024-08-14T00:25:54",
        "user_id": "2acb499e-8428-543b-bd85-0d9098718220"
      },
      {
        "run_id": "c0cf5191-78f2-4e18-b5b7-2df62307fd23",
        "run_type": "UNSPECIFIED",
        "entries": [],
        "timestamp": "2024-08-14T00:25:53",
        "user_id": "2acb499e-8428-543b-bd85-0d9098718220"
      },
      {
        "run_id": "d24c3c19-8354-418c-9b7a-d95cb624a235",
        "run_type": "UNSPECIFIED",
        "entries": [],
        "timestamp": "2024-08-14T00:25:52",
        "user_id": "2acb499e-8428-543b-bd85-0d9098718220"
      },
      {
        "run_id": "4df1f53b-db11-4919-ae20-8f1d7d7eb6fb",
        "run_type": "UNSPECIFIED",
        "entries": [],
        "timestamp": "2024-08-14T00:25:52",
        "user_id": "2acb499e-8428-543b-bd85-0d9098718220"
      },
      {
        "run_id": "1d2ec5de-df04-4ea9-9ef3-8a05e0f36fc9",
        "run_type": "UNSPECIFIED",
        "entries": [],
        "timestamp": "2024-08-14T00:25:52",
        "user_id": "2acb499e-8428-543b-bd85-0d9098718220"
      },
      {
        "run_id": "f997102d-4d2a-4897-9b4a-0049d25a9ada",
        "run_type": "UNSPECIFIED",
        "entries": [],
        "timestamp": "2024-08-14T00:25:10",
        "user_id": "2acb499e-8428-543b-bd85-0d9098718220"
      },
      {
        "run_id": "ee0dc7eb-c204-44b7-82a4-d07d59b67741",
        "run_type": "UNSPECIFIED",
        "entries": [],
        "timestamp": "2024-08-14T00:24:58",
        "user_id": "2acb499e-8428-543b-bd85-0d9098718220"
      },
      {
        "run_id": "730e188e-6946-4a83-ad77-0861e94c1f29",
        "run_type": "UNSPECIFIED",
        "entries": [],
        "timestamp": "2024-08-14T00:24:46",
        "user_id": "2acb499e-8428-543b-bd85-0d9098718220"
      },
      {
        "run_id": "b2c15b09-f69b-444a-bb7d-dc1939e7eba4",
        "run_type": "UNSPECIFIED",
        "entries": [],
        "timestamp": "2024-08-14T00:23:57",
        "user_id": "2acb499e-8428-543b-bd85-0d9098718220"
      },
      {
        "run_id": "86c24884-a353-4298-8183-2037beb139aa",
        "run_type": "UNSPECIFIED",
        "entries": [],
        "timestamp": "2024-08-14T00:23:57",
        "user_id": "2acb499e-8428-543b-bd85-0d9098718220"
      },
      {
        "run_id": "59ea5208-72e9-44f8-8cfe-fe4ce2423f7c",
        "run_type": "UNSPECIFIED",
        "entries": [],
        "timestamp": "2024-08-14T00:23:57",
        "user_id": "2acb499e-8428-543b-bd85-0d9098718220"
      },
      {
        "run_id": "1272f2f6-56ef-411c-a4ce-9437e3bff5dc",
        "run_type": "UNSPECIFIED",
        "entries": [],
        "timestamp": "2024-08-14T00:23:57",
        "user_id": "2acb499e-8428-543b-bd85-0d9098718220"
      },
      {
        "run_id": "19228cf4-34e4-4102-a6e1-2656c136af4b",
        "run_type": "UNSPECIFIED",
        "entries": [],
        "timestamp": "2024-08-14T00:23:56",
        "user_id": "2acb499e-8428-543b-bd85-0d9098718220"
      },
      {
        "run_id": "bdcee52d-9726-4531-8a00-b31244563a9d",
        "run_type": "UNSPECIFIED",
        "entries": [],
        "timestamp": "2024-08-14T00:23:56",
        "user_id": "2acb499e-8428-543b-bd85-0d9098718220"
      },
      {
        "run_id": "3d68fc91-b9a6-405f-b344-e9d825093e8e",
        "run_type": "UNSPECIFIED",
        "entries": [],
        "timestamp": "2024-08-14T00:23:55",
        "user_id": "4b17bfba-12b5-5c3a-98a7-fcaaab561791"
      },
      {
        "run_id": "d8689825-7f2f-4b70-8114-31fdae4e86fd",
        "run_type": "UNSPECIFIED",
        "entries": [],
        "timestamp": "2024-08-14T00:23:55",
        "user_id": "4b17bfba-12b5-5c3a-98a7-fcaaab561791"
      },
      {
        "run_id": "0f128c75-25c2-4754-8af9-88d7d63de866",
        "run_type": "UNSPECIFIED",
        "entries": [],
        "timestamp": "2024-08-14T00:23:55",
        "user_id": "2acb499e-8428-543b-bd85-0d9098718220"
      },
      {
        "run_id": "5b61a591-a94a-4f9e-8233-0c82a4f3faa4",
        "run_type": "UNSPECIFIED",
        "entries": [],
        "timestamp": "2024-08-14T00:23:55",
        "user_id": "2acb499e-8428-543b-bd85-0d9098718220"
      },
      {
        "run_id": "d8c3ccb0-0be0-4d59-b7f5-76d043eeb0bc",
        "run_type": "UNSPECIFIED",
        "entries": [],
        "timestamp": "2024-08-14T00:23:54",
        "user_id": "4b17bfba-12b5-5c3a-98a7-fcaaab561791"
      },
      {
        "run_id": "c84e61f9-1318-4fa0-b174-6a00f59727a9",
        "run_type": "UNSPECIFIED",
        "entries": [],
        "timestamp": "2024-08-14T00:23:54",
        "user_id": "4b17bfba-12b5-5c3a-98a7-fcaaab561791"
      },
      {
        "run_id": "3b05eccc-3bd4-4b0a-813d-60fdfbc06cad",
        "run_type": "UNSPECIFIED",
        "entries": [],
        "timestamp": "2024-08-14T00:23:51",
        "user_id": "2acb499e-8428-543b-bd85-0d9098718220"
      },
      {
        "run_id": "e81699a2-b47b-4fdf-8d97-b6b48e394533",
        "run_type": "UNSPECIFIED",
        "entries": [],
        "timestamp": "2024-08-14T00:23:47",
        "user_id": "2acb499e-8428-543b-bd85-0d9098718220"
      },
      {
        "run_id": "d41ad353-cd3d-4cbc-b141-010c499acebb",
        "run_type": "UNSPECIFIED",
        "entries": [],
        "timestamp": "2024-08-14T00:23:45",
        "user_id": "2acb499e-8428-543b-bd85-0d9098718220"
      },
      {
        "run_id": "0129829c-55e9-4fee-b396-7e548c5ead4e",
        "run_type": "UNSPECIFIED",
        "entries": [],
        "timestamp": "2024-08-14T00:23:45",
        "user_id": "2acb499e-8428-543b-bd85-0d9098718220"
      },
      {
        "run_id": "81704be9-5286-4373-9f84-839f1c25933e",
        "run_type": "UNSPECIFIED",
        "entries": [],
        "timestamp": "2024-08-14T00:23:44",
        "user_id": "2acb499e-8428-543b-bd85-0d9098718220"
      },
      {
        "run_id": "d09b1ca5-a684-4a0b-9f56-f198d5bdf619",
        "run_type": "UNSPECIFIED",
        "entries": [],
        "timestamp": "2024-08-14T00:23:44",
        "user_id": "2acb499e-8428-543b-bd85-0d9098718220"
      },
      {
        "run_id": "047b36d3-43b1-4239-b65a-07ec1265439a",
        "run_type": "UNSPECIFIED",
        "entries": [],
        "timestamp": "2024-08-14T00:23:43",
        "user_id": "2acb499e-8428-543b-bd85-0d9098718220"
      },
      {
        "run_id": "979b9d23-4617-4754-b220-67936965b60d",
        "run_type": "UNSPECIFIED",
        "entries": [],
        "timestamp": "2024-08-14T00:23:08",
        "user_id": "2acb499e-8428-543b-bd85-0d9098718220"
      },
      {
        "run_id": "4bfd3253-60c7-46d1-b309-fb7b816ce2ec",
        "run_type": "UNSPECIFIED",
        "entries": [],
        "timestamp": "2024-08-14T00:22:28",
        "user_id": "2acb499e-8428-543b-bd85-0d9098718220"
      },
      {
        "run_id": "75434e64-bd07-4b2d-a11a-5c00adc6753e",
        "run_type": "UNSPECIFIED",
        "entries": [],
        "timestamp": "2024-08-14T00:21:39",
        "user_id": "2acb499e-8428-543b-bd85-0d9098718220"
      },
      {
        "run_id": "523a1049-f5ad-4b95-bde4-d3c4a94927aa",
        "run_type": "UNSPECIFIED",
        "entries": [],
        "timestamp": "2024-08-14T00:20:48",
        "user_id": "2acb499e-8428-543b-bd85-0d9098718220"
      },
      {
        "run_id": "0fd21ec5-f305-4e48-b75d-7ddb29534dce",
        "run_type": "UNSPECIFIED",
        "entries": [],
        "timestamp": "2024-08-14T00:19:38",
        "user_id": "2acb499e-8428-543b-bd85-0d9098718220"
      },
      {
        "run_id": "ace1ffb9-4cd4-4029-8c8b-2e5b25b504a5",
        "run_type": "UNSPECIFIED",
        "entries": [],
        "timestamp": "2024-08-14T00:19:38",
        "user_id": "2acb499e-8428-543b-bd85-0d9098718220"
      },
      {
        "run_id": "a926c1be-405e-44fd-ac6a-1e8a0cb92512",
        "run_type": "UNSPECIFIED",
        "entries": [],
        "timestamp": "2024-08-14T00:19:38",
        "user_id": "2acb499e-8428-543b-bd85-0d9098718220"
      },
      {
        "run_id": "748191c0-5ae1-424b-8c19-1c35a5428e68",
        "run_type": "UNSPECIFIED",
        "entries": [],
        "timestamp": "2024-08-14T00:16:07",
        "user_id": "2acb499e-8428-543b-bd85-0d9098718220"
      }
    ]
  },
  "analytics": {
    "results": {
      "filtered_logs": {
        "search_latencies": [
          {
            "run_id": "c0cf5191-78f2-4e18-b5b7-2df62307fd23",
            "key": "search_latency",
            "value": "0.45",
            "timestamp": "2024-08-14 00:25:53"
          },
          {
            "run_id": "d41ad353-cd3d-4cbc-b141-010c499acebb",
            "key": "search_latency",
            "value": "0.46",
            "timestamp": "2024-08-14 00:23:45"
          }
        ]
      },
      "search_latencies": {
        "Mean": 0.455,
        "Median": 0.455,
        "Mode": null,
        "Standard Deviation": 0.007,
        "Variance": 0.0
      }
    }
  }
}
