{
  "create_groups": {
    "group_1": {
      "results": {
        "group_id": "3b24e22c-843d-4cd1-8183-6f244211542b",
        "name": "Test Group 1 90248f87-cf4f-42ac-9f10-c68716e46ccb",
        "description": "A test group for permissions",
        "created_at": "2024-08-14T01:01:19.662617+00:00",
        "updated_at": "2024-08-14T01:01:19.662617+00:00"
      }
    },
    "group_2": {
      "results": {
        "group_id": "3a2bfab3-5527-47a1-a901-a463e9b06971",
        "name": "Test Group 2 99212e13-64dc-456a-93d3-3e2afc97f3be",
        "description": "Another test group for permissions",
        "created_at": "2024-08-14T01:01:19.803314+00:00",
        "updated_at": "2024-08-14T01:01:19.803314+00:00"
      }
    }
  },
  "add_users_to_groups": {
    "user_1": {
      "results": {
        "email": "user1_62951675-cbc1-40dd-b005-3758adfc4c68@example.com",
        "id": "a34207e5-9b1a-5fe3-8a02-9ff56464b112",
        "group_ids": [],
        "hashed_password": "$2b$12$tVPpwO.Tr5KR/gtWm1UPDuq6.pXY3rlO7YonLYR0XcwwJkhgVI96O",
        "is_superuser": false,
        "is_active": true,
        "is_verified": false,
        "verification_code_expiry": null,
        "name": null,
        "bio": null,
        "profile_picture": null,
        "created_at": "2024-08-14T01:01:20.181505Z",
        "updated_at": "2024-08-14T01:01:20.181505Z"
      }
    },
    "user_2": {
      "results": {
        "email": "user2_16f40e51-174a-4b06-b308-1160b701cda7@example.com",
        "id": "4404314d-12a1-5299-9f7a-adfac07a5a3b",
        "group_ids": [],
        "hashed_password": "$2b$12$oqVl4mg7sL6UfUO2ziz4suSSOOBwYJisag.E.pHNWxd0YMde57e0y",
        "is_superuser": false,
        "is_active": true,
        "is_verified": false,
        "verification_code_expiry": null,
        "name": null,
        "bio": null,
        "profile_picture": null,
        "created_at": "2024-08-14T01:01:20.651635Z",
        "updated_at": "2024-08-14T01:01:20.651635Z"
      }
    }
  },
  "group_based_document_access": {
    "error": "An error ''PostgresVectorDBProvider' object has no attribute 'assign_document_to_group'' occurred during ingest_files_app"
  },
  "admin_ingest_documents": {
    "error": "An error ''PostgresVectorDBProvider' object has no attribute 'assign_document_to_group'' occurred during ingest_files_app"
  },
  "user_ingest_and_search": {
    "user_1_ingest": {
      "results": {
        "processed_documents": [
          {
            "id": "55d7b67e-c717-5e89-a956-61580475199d",
            "group_ids": [],
            "user_id": "a34207e5-9b1a-5fe3-8a02-9ff56464b112",
            "type": "txt",
            "metadata": {},
            "title": "user1_document.txt",
            "version": "v0",
            "size_in_bytes": 15,
            "status": "success",
            "created_at": "2024-08-13T18:01:23.617547",
            "updated_at": "2024-08-13T18:01:23.617547"
          }
        ],
        "failed_documents": [],
        "skipped_documents": []
      }
    },
    "user_1_search": {
      "results": {
        "vector_search_results": [
          {
            "fragment_id": "ced2d47c-524c-58d3-8cc3-0d474312fb00",
            "extraction_id": "b4451d80-760d-5e0f-93bc-cc0a89b1630d",
            "document_id": "55d7b67e-c717-5e89-a956-61580475199d",
            "user_id": "a34207e5-9b1a-5fe3-8a02-9ff56464b112",
            "group_ids": [],
            "score": 0.577595285558281,
            "text": "user1_document",
            "metadata": {
              "text": "user1_document",
              "title": "user1_document.txt",
              "associatedQuery": "document"
            }
          },
          {
            "fragment_id": "2b30d8c0-d037-5ca7-9961-08e2a13a25cd",
            "extraction_id": "eae05bf5-f732-53b3-80e5-a6e39d5a23d3",
            "document_id": "653c933c-867d-5588-b6cd-54d9412a8ffa",
            "user_id": "a34207e5-9b1a-5fe3-8a02-9ff56464b112",
            "group_ids": [],
            "score": 0.487762882211468,
            "text": "user1_document_group",
            "metadata": {
              "text": "user1_document_group",
              "title": "user1_document_group.txt",
              "user_id": "a34207e5-9b1a-5fe3-8a02-9ff56464b112",
              "associatedQuery": "document"
            }
          }
        ],
        "kg_search_results": []
      }
    },
    "user_2_ingest": {
      "results": {
        "processed_documents": [
          {
            "id": "6a7d57a8-0bab-55df-8674-a94b1ecd6492",
            "group_ids": [],
            "user_id": "4404314d-12a1-5299-9f7a-adfac07a5a3b",
            "type": "txt",
            "metadata": {},
            "title": "user2_document.txt",
            "version": "v0",
            "size_in_bytes": 15,
            "status": "success",
            "created_at": "2024-08-13T18:01:25.577549",
            "updated_at": "2024-08-13T18:01:25.577549"
          }
        ],
        "failed_documents": [],
        "skipped_documents": []
      }
    },
    "user_2_search": {
      "results": {
        "vector_search_results": [
          {
            "fragment_id": "4f3e93df-099c-58a7-a5cf-c40ba5ae76c1",
            "extraction_id": "838aa00a-2d5a-588c-9aa1-2553ae514024",
            "document_id": "6a7d57a8-0bab-55df-8674-a94b1ecd6492",
            "user_id": "4404314d-12a1-5299-9f7a-adfac07a5a3b",
            "group_ids": [],
            "score": 0.530904515656706,
            "text": "user2_document",
            "metadata": {
              "text": "user2_document",
              "title": "user2_document.txt",
              "associatedQuery": "document"
            }
          }
        ],
        "kg_search_results": []
      }
    }
  },
  "cleanup": {
    "status": "cleanup completed"
  }
}
