{
  "register_user": {
    "results": {
      "id": "14466e62-fd0a-5ad3-85b6-6965d7f6d336",
      "email": "test_4f3ba5b7@example.com",
      "is_active": true,
      "is_superuser": false,
      "created_at": "2024-09-20T22:48:31.575356Z",
      "updated_at": "2024-09-20T22:48:31.575356Z",
      "is_verified": false,
      "collection_ids": [],
      "hashed_password": "$2b$12$91hUOrNh1OhZZODomjxa0Oc/hGNUVwxFh45CXXBBOfhQP98y.pvFm",
      "verification_code_expiry": null,
      "name": null,
      "bio": null,
      "profile_picture": null
    }
  },
  "login_user": {
    "results": {
      "access_token": {
        "token": "eyJhbGciOiJIUzI1NiIsInR5cCI6IkpXVCJ9.eyJzdWIiOiJ0ZXN0XzRmM2JhNWI3QGV4YW1wbGUuY29tIiwiZXhwIjoxNzI2ODc2MTExLjgzOTksInRva2VuX3R5cGUiOiJhY2Nlc3MifQ.vW27WohcKi9ipcTC04i6rSg42ZH8NmnXFYUgfXcGAw0",
        "token_type": "access"
      },
      "refresh_token": {
        "token": "eyJhbGciOiJIUzI1NiIsInR5cCI6IkpXVCJ9.eyJzdWIiOiJ0ZXN0XzRmM2JhNWI3QGV4YW1wbGUuY29tIiwiZXhwIjoxNzI3NDc3MzExLCJ0b2tlbl90eXBlIjoicmVmcmVzaCJ9.NUBrdq0PFM8TbDN4EGEefvke07HMLp0T4W6zUbOxt7w",
        "token_type": "refresh"
      }
    }
  },
  "user_info": {
    "results": {
      "id": "14466e62-fd0a-5ad3-85b6-6965d7f6d336",
      "email": "test_4f3ba5b7@example.com",
      "is_active": true,
      "is_superuser": false,
      "created_at": "2024-09-20T22:48:31.575356Z",
      "updated_at": "2024-09-20T22:48:31.575356Z",
      "is_verified": true,
      "collection_ids": [],
      "hashed_password": "$2b$12$91hUOrNh1OhZZODomjxa0Oc/hGNUVwxFh45CXXBBOfhQP98y.pvFm",
      "verification_code_expiry": null,
      "name": null,
      "bio": null,
      "profile_picture": null
    }
  },
  "change_password": {
    "results": {
      "message": "Password changed successfully"
    }
  },
  "update_profile": {
    "results": {
      "id": "14466e62-fd0a-5ad3-85b6-6965d7f6d336",
      "email": "test_4f3ba5b7@example.com",
      "is_active": true,
      "is_superuser": false,
      "created_at": "2024-09-20T22:48:31.575356Z",
      "updated_at": "2024-09-20T22:48:32.394281Z",
      "is_verified": true,
      "collection_ids": [],
      "hashed_password": null,
      "verification_code_expiry": null,
      "name": "John Doe",
      "bio": "R2R enthusiast",
      "profile_picture": null
    }
  },
  "refresh_token": {
    "results": {
      "access_token": {
        "token": "eyJhbGciOiJIUzI1NiIsInR5cCI6IkpXVCJ9.eyJzdWIiOiJ0ZXN0XzRmM2JhNWI3QGV4YW1wbGUuY29tIiwiZXhwIjoxNzI2ODc2MTEyLjQyMjYzNywidG9rZW5fdHlwZSI6ImFjY2VzcyJ9.09C6tAMd3WhrEmsqPdFsWx7lxsp0abGSdWGessddSw0",
        "token_type": "access"
      },
      "refresh_token": {
        "token": "eyJhbGciOiJIUzI1NiIsInR5cCI6IkpXVCJ9.eyJzdWIiOiJ0ZXN0XzRmM2JhNWI3QGV4YW1wbGUuY29tIiwiZXhwIjoxNzI3NDc3MzEyLCJ0b2tlbl90eXBlIjoicmVmcmVzaCJ9.yrm_ncSzAScPpdlqYHD2WWhy1AcwuO9CGHcrNLrTNGY",
        "token_type": "refresh"
      }
    }
  },
  "superuser_test": {
    "results": [
      {
        "user_id": "2acb499e-8428-543b-bd85-0d9098718220",
        "email": "admin@example.com",
        "is_superuser": true,
        "is_active": true,
        "is_verified": true,
        "created_at": "2024-09-20T22:26:10.261930Z",
        "updated_at": "2024-09-20T22:26:10.261930Z",
        "collection_ids": [],
        "num_files": 15,
        "total_size_in_bytes": 8767226,
        "document_ids": [
          "57eec3df-cf68-5559-a80d-ae3fb55b9af1",
          "7c1105fc-8f62-5a8f-ac81-fe88f3ec9e4c",
          "451adbbd-e24e-5c9b-80a8-f424b6c7accb",
          "01d514a4-5cb1-5c86-be8c-0c5c312a02c9",
          "e797da22-8c5d-54e5-bed5-a55954cf6bf9",
          "5b1bd54f-4d70-56b9-a017-a618bc75f94c",
          "30f950f0-c692-57c5-b6ec-ff78ccf5ccdc",
          "52e12576-090f-59db-91f4-6d4b2e29ae6c",
          "7b0f40c5-2ace-5781-ae35-ead99ddee8c5",
          "c3291abf-8a4e-5d9d-80fd-232ef6fd8526",
          "d421207a-d799-5806-8d67-46b2005b15d4",
          "9fbe403b-c11c-5aae-8ade-ef22980c3ad1",
          "716fea3a-826b-5b27-8e59-ffbd1a35455a",
          "2f576170-c4f9-5141-a910-a0924f341de4",
          "3e157b3a-8469-51db-90d9-52e7d896b49b"
        ]
      },
      {
        "user_id": "a0a60c19-7672-5537-a71c-07a771bc4fa3",
        "email": "test_40669f1c@example.com",
        "is_superuser": false,
        "is_active": true,
        "is_verified": true,
        "created_at": "2024-09-20T22:48:01.453932Z",
        "updated_at": "2024-09-20T22:48:01.453932Z",
        "collection_ids": [],
        "num_files": 0,
        "total_size_in_bytes": 0,
        "document_ids": []
      },
      {
        "user_id": "14466e62-fd0a-5ad3-85b6-6965d7f6d336",
        "email": "test_4f3ba5b7@example.com",
        "is_superuser": false,
        "is_active": true,
        "is_verified": true,
        "created_at": "2024-09-20T22:48:31.575356Z",
        "updated_at": "2024-09-20T22:48:32.394281Z",
        "collection_ids": [],
        "num_files": 0,
        "total_size_in_bytes": 0,
        "document_ids": []
      },
      {
        "user_id": "a5e4ef83-b9ae-56e0-952b-4116f487b000",
        "email": "test_c8a21611@example.com",
        "is_superuser": false,
        "is_active": true,
        "is_verified": true,
        "created_at": "2024-09-20T22:48:14.196002Z",
        "updated_at": "2024-09-20T22:48:14.196002Z",
        "collection_ids": [],
        "num_files": 0,
        "total_size_in_bytes": 0,
        "document_ids": []
      }
    ],
    "total_entries": 4
  },
  "logout": {
    "results": {
      "message": "Logged out successfully"
    }
  },
  "delete_account": {
    "results": {
      "message": "User account c8c03ba0-6d1d-524c-be39-7fb6e01b4298 deleted successfully."
    }
  }
}
