{
  "ingest_sample_files": {
    "results": [
      {
        "message": "Ingestion task queued successfully.",
        "task_id": "77ba1665-2646-457c-a892-da3c791f5e88",
        "document_id": "b4ac4dd6-5f27-596e-a55b-7cf242ca30aa"
      },
      {
        "message": "Ingestion task queued successfully.",
        "task_id": "ae150ce4-1f91-4fa6-affb-7dd8ab1ad063",
        "document_id": "716fea3a-826b-5b27-8e59-ffbd1a35455a"
      },
      {
        "message": "Ingestion task queued successfully.",
        "task_id": "1d733a99-2c79-4d3e-bb0c-a0d49b26dc37",
        "document_id": "52e12576-090f-59db-91f4-6d4b2e29ae6c"
      },
      {
        "message": "Ingestion task queued successfully.",
        "task_id": "c7d0b32c-00d9-4f0c-9f0d-240f86056665",
        "document_id": "3e157b3a-8469-51db-90d9-52e7d896b49b"
      },
      {
        "message": "Ingestion task queued successfully.",
        "task_id": "da16c185-57bf-4f30-bc8a-598e127824a1",
        "document_id": "01d514a4-5cb1-5c86-be8c-0c5c312a02c9"
      },
      {
        "message": "Ingestion task queued successfully.",
        "task_id": "460abc23-60de-4d11-8f10-81079d7d4990",
        "document_id": "c3291abf-8a4e-5d9d-80fd-232ef6fd8526"
      },
      {
        "message": "Ingestion task queued successfully.",
        "task_id": "aa01d8e2-c866-4e60-8190-3c7894afc263",
        "document_id": "e797da22-8c5d-54e5-bed5-a55954cf6bf9"
      },
      {
        "message": "Ingestion task queued successfully.",
        "task_id": "6da2d33b-7b00-4cd3-9ede-9748ca5fd936",
        "document_id": "7b0f40c5-2ace-5781-ae35-ead99ddee8c5"
      },
      {
        "message": "Ingestion task queued successfully.",
        "task_id": "b16a158c-85da-4290-92ae-6f0a4881c279",
        "document_id": "7c1105fc-8f62-5a8f-ac81-fe88f3ec9e4c"
      },
      {
        "message": "Ingestion task queued successfully.",
        "task_id": "fcdb9219-9d4f-4de2-aeb0-4fc688ffb7b4",
        "document_id": "2f576170-c4f9-5141-a910-a0924f341de4"
      },
      {
        "message": "Ingestion task queued successfully.",
        "task_id": "082de59f-0252-4f2e-b038-90253b8066f5",
        "document_id": "30f950f0-c692-57c5-b6ec-ff78ccf5ccdc"
      },
      {
        "message": "Ingestion task queued successfully.",
        "task_id": "8864c244-3372-4196-80c2-0d9dd667c3fd",
        "document_id": "57eec3df-cf68-5559-a80d-ae3fb55b9af1"
      },
      {
        "message": "Ingestion task queued successfully.",
        "task_id": "2fe08ebb-7157-452c-811c-7ede2b05e750",
        "document_id": "9fbe403b-c11c-5aae-8ade-ef22980c3ad1"
      },
      {
        "message": "Ingestion task queued successfully.",
        "task_id": "78ea4936-8bf6-4539-9db3-68f0e5b5bbe5",
        "document_id": "d421207a-d799-5806-8d67-46b2005b15d4"
      },
      {
        "message": "Ingestion task queued successfully.",
        "task_id": "ad23dd8d-f0c1-4641-a6a2-e909ede1b3d1",
        "document_id": "451adbbd-e24e-5c9b-80a8-f424b6c7accb"
      },
      {
        "message": "Ingestion task queued successfully.",
        "task_id": "c100a64b-c975-4a5e-bde4-7f1a0718b851",
        "document_id": "5b1bd54f-4d70-56b9-a017-a618bc75f94c"
      }
    ]
  },
  "reingest_sample_file": {
    "results": [
      {
        "message": "Ingestion task queued successfully.",
        "task_id": "d0c84b68-407c-4329-b7ce-fb32df9f196b",
        "document_id": "b4ac4dd6-5f27-596e-a55b-7cf242ca30aa"
      },
      {
        "message": "Ingestion task queued successfully.",
        "task_id": "8134708a-ac7e-436c-977a-4ba1434aeb94",
        "document_id": "716fea3a-826b-5b27-8e59-ffbd1a35455a"
      },
      {
        "message": "Ingestion task queued successfully.",
        "task_id": "fcf12fcf-092c-43c6-85fa-3c02b62231a1",
        "document_id": "52e12576-090f-59db-91f4-6d4b2e29ae6c"
      },
      {
        "message": "Ingestion task queued successfully.",
        "task_id": "ab4f1bc7-7d62-47ee-9e21-6b4fab7ccfb7",
        "document_id": "3e157b3a-8469-51db-90d9-52e7d896b49b"
      },
      {
        "message": "Ingestion task queued successfully.",
        "task_id": "ef38bf7b-5688-4bb4-b861-6e06dd4603dc",
        "document_id": "01d514a4-5cb1-5c86-be8c-0c5c312a02c9"
      },
      {
        "message": "Ingestion task queued successfully.",
        "task_id": "8bb837ed-d586-4d8b-8f80-e69e6d848dba",
        "document_id": "c3291abf-8a4e-5d9d-80fd-232ef6fd8526"
      },
      {
        "message": "Ingestion task queued successfully.",
        "task_id": "873adc8b-c630-49e8-9859-b49e2588e72c",
        "document_id": "e797da22-8c5d-54e5-bed5-a55954cf6bf9"
      },
      {
        "message": "Ingestion task queued successfully.",
        "task_id": "e2552c6f-884d-42eb-b279-ae881d6a8338",
        "document_id": "7b0f40c5-2ace-5781-ae35-ead99ddee8c5"
      },
      {
        "message": "Ingestion task queued successfully.",
        "task_id": "ff2a206b-f9cb-4369-ad7f-be5f930ab6f0",
        "document_id": "7c1105fc-8f62-5a8f-ac81-fe88f3ec9e4c"
      },
      {
        "message": "Ingestion task queued successfully.",
        "task_id": "2c26fd9d-e35b-4597-821e-c1e4031df1f8",
        "document_id": "2f576170-c4f9-5141-a910-a0924f341de4"
      },
      {
        "message": "Ingestion task queued successfully.",
        "task_id": "1352946d-1a09-4534-ad29-94e6679ee4cf",
        "document_id": "30f950f0-c692-57c5-b6ec-ff78ccf5ccdc"
      },
      {
        "message": "Ingestion task queued successfully.",
        "task_id": "36191afd-7628-4faa-aa7c-4da16cf4ee46",
        "document_id": "57eec3df-cf68-5559-a80d-ae3fb55b9af1"
      },
      {
        "message": "Ingestion task queued successfully.",
        "task_id": "07acc8f2-48d6-4e1c-8932-3f0c594105bf",
        "document_id": "9fbe403b-c11c-5aae-8ade-ef22980c3ad1"
      },
      {
        "message": "Ingestion task queued successfully.",
        "task_id": "d0f06ec0-265e-45c8-a768-04411f96a54c",
        "document_id": "d421207a-d799-5806-8d67-46b2005b15d4"
      },
      {
        "message": "Ingestion task queued successfully.",
        "task_id": "56187544-b442-4e5d-8338-bce2881e0d16",
        "document_id": "451adbbd-e24e-5c9b-80a8-f424b6c7accb"
      },
      {
        "message": "Ingestion task queued successfully.",
        "task_id": "5a1d66ee-976c-4dd5-a19e-8e20c1470339",
        "document_id": "5b1bd54f-4d70-56b9-a017-a618bc75f94c"
      }
    ]
  },
  "documents_overview": {
    "results": [
      {
        "id": "5b1bd54f-4d70-56b9-a017-a618bc75f94c",
        "collection_ids": [],
        "user_id": "2acb499e-8428-543b-bd85-0d9098718220",
        "type": "html",
        "metadata": {
          "version": "v0"
        },
        "title": "pg_essay_3.html",
        "version": "v0",
        "size_in_bytes": 166556,
        "ingestion_status": "pending",
        "restructuring_status": "pending",
        "created_at": "2024-09-20T22:26:27.535113Z",
        "updated_at": "2024-09-20T22:31:28.791381Z",
        "ingestion_attempt_number": null
      },
      {
        "id": "451adbbd-e24e-5c9b-80a8-f424b6c7accb",
        "collection_ids": [],
        "user_id": "2acb499e-8428-543b-bd85-0d9098718220",
        "type": "png",
        "metadata": {
          "version": "v0"
        },
        "title": "screen_shot.png",
        "version": "v0",
        "size_in_bytes": 1055688,
        "ingestion_status": "success",
        "restructuring_status": "pending",
        "created_at": "2024-09-20T22:26:27.522881Z",
        "updated_at": "2024-09-20T22:26:27.522885Z",
        "ingestion_attempt_number": null
      },
      {
        "id": "d421207a-d799-5806-8d67-46b2005b15d4",
        "collection_ids": [],
        "user_id": "2acb499e-8428-543b-bd85-0d9098718220",
        "type": "txt",
        "metadata": {
          "version": "v0"
        },
        "title": "yc_companies.txt",
        "version": "v0",
        "size_in_bytes": 62948,
        "ingestion_status": "parsing",
        "restructuring_status": "pending",
        "created_at": "2024-09-20T22:26:26.639855Z",
        "updated_at": "2024-09-20T22:31:28.766869Z",
        "ingestion_attempt_number": null
      },
      {
        "id": "30f950f0-c692-57c5-b6ec-ff78ccf5ccdc",
        "collection_ids": [],
        "user_id": "2acb499e-8428-543b-bd85-0d9098718220",
        "type": "txt",
        "metadata": {
          "version": "v0"
        },
        "title": "test.txt",
        "version": "v0",
        "size_in_bytes": 28,
        "ingestion_status": "parsing",
        "restructuring_status": "pending",
        "created_at": "2024-09-20T22:26:26.525053Z",
        "updated_at": "2024-09-20T22:31:28.806823Z",
        "ingestion_attempt_number": null
      },
      {
        "id": "9fbe403b-c11c-5aae-8ade-ef22980c3ad1",
        "collection_ids": [],
        "user_id": "2acb499e-8428-543b-bd85-0d9098718220",
        "type": "txt",
        "metadata": {
          "version": "v0"
        },
        "title": "aristotle.txt",
        "version": "v0",
        "size_in_bytes": 97804,
        "ingestion_status": "pending",
        "restructuring_status": "pending",
        "created_at": "2024-09-20T22:26:26.521911Z",
        "updated_at": "2024-09-20T22:31:28.835132Z",
        "ingestion_attempt_number": null
      },
      {
        "id": "57eec3df-cf68-5559-a80d-ae3fb55b9af1",
        "collection_ids": [],
        "user_id": "2acb499e-8428-543b-bd85-0d9098718220",
        "type": "html",
        "metadata": {
          "version": "v0"
        },
        "title": "pg_essay_2.html",
        "version": "v0",
        "size_in_bytes": 166816,
        "ingestion_status": "parsing",
        "restructuring_status": "pending",
        "created_at": "2024-09-20T22:26:26.517088Z",
        "updated_at": "2024-09-20T22:31:28.836602Z",
        "ingestion_attempt_number": null
      },
      {
        "id": "2f576170-c4f9-5141-a910-a0924f341de4",
        "collection_ids": [],
        "user_id": "2acb499e-8428-543b-bd85-0d9098718220",
        "type": "pdf",
        "metadata": {
          "version": "v0"
        },
        "title": "lyft_2021.pdf",
        "version": "v0",
        "size_in_bytes": 1920404,
        "ingestion_status": "success",
        "restructuring_status": "pending",
        "created_at": "2024-09-20T22:26:26.513642Z",
        "updated_at": "2024-09-20T22:26:26.513644Z",
        "ingestion_attempt_number": null
      },
      {
        "id": "7c1105fc-8f62-5a8f-ac81-fe88f3ec9e4c",
        "collection_ids": [],
        "user_id": "2acb499e-8428-543b-bd85-0d9098718220",
        "type": "html",
        "metadata": {
          "version": "v0"
        },
        "title": "pg_essay_5.html",
        "version": "v0",
        "size_in_bytes": 165040,
        "ingestion_status": "parsing",
        "restructuring_status": "pending",
        "created_at": "2024-09-20T22:26:26.511219Z",
        "updated_at": "2024-09-20T22:31:28.786697Z",
        "ingestion_attempt_number": null
      },
      {
        "id": "7b0f40c5-2ace-5781-ae35-ead99ddee8c5",
        "collection_ids": [],
        "user_id": "2acb499e-8428-543b-bd85-0d9098718220",
        "type": "pdf",
        "metadata": {
          "version": "v0"
        },
        "title": "graphrag.pdf",
        "version": "v0",
        "size_in_bytes": 2287544,
        "ingestion_status": "pending",
        "restructuring_status": "pending",
        "created_at": "2024-09-20T22:26:26.504459Z",
        "updated_at": "2024-09-20T22:31:28.767620Z",
        "ingestion_attempt_number": null
      },
      {
        "id": "e797da22-8c5d-54e5-bed5-a55954cf6bf9",
        "collection_ids": [],
        "user_id": "2acb499e-8428-543b-bd85-0d9098718220",
        "type": "html",
        "metadata": {
          "version": "v0"
        },
        "title": "pg_essay_4.html",
        "version": "v0",
        "size_in_bytes": 157484,
        "ingestion_status": "parsing",
        "restructuring_status": "pending",
        "created_at": "2024-09-20T22:26:22.528586Z",
        "updated_at": "2024-09-20T22:31:28.789182Z",
        "ingestion_attempt_number": null
      },
      {
        "id": "c3291abf-8a4e-5d9d-80fd-232ef6fd8526",
        "collection_ids": [],
        "user_id": "2acb499e-8428-543b-bd85-0d9098718220",
        "type": "txt",
        "metadata": {
          "version": "v0"
        },
        "title": "aristotle_v2.txt",
        "version": "v0",
        "size_in_bytes": 3380,
        "ingestion_status": "parsing",
        "restructuring_status": "pending",
        "created_at": "2024-09-20T22:26:22.524513Z",
        "updated_at": "2024-09-20T22:31:28.766240Z",
        "ingestion_attempt_number": null
      },
      {
        "id": "716fea3a-826b-5b27-8e59-ffbd1a35455a",
        "collection_ids": [],
        "user_id": "2acb499e-8428-543b-bd85-0d9098718220",
        "type": "txt",
        "metadata": {
          "version": "v0"
        },
        "title": "got.txt",
        "version": "v0",
        "size_in_bytes": 12656,
        "ingestion_status": "parsing",
        "restructuring_status": "pending",
        "created_at": "2024-09-20T22:26:22.517526Z",
        "updated_at": "2024-09-20T22:31:28.765359Z",
        "ingestion_attempt_number": null
      },
      {
        "id": "3e157b3a-8469-51db-90d9-52e7d896b49b",
        "collection_ids": [],
        "user_id": "2acb499e-8428-543b-bd85-0d9098718220",
        "type": "pdf",
        "metadata": {
          "version": "v0"
        },
        "title": "uber_2021.pdf",
        "version": "v0",
        "size_in_bytes": 2507312,
        "ingestion_status": "parsing",
        "restructuring_status": "pending",
        "created_at": "2024-09-20T22:26:22.515504Z",
        "updated_at": "2024-09-20T22:31:28.782778Z",
        "ingestion_attempt_number": null
      },
      {
        "id": "01d514a4-5cb1-5c86-be8c-0c5c312a02c9",
        "collection_ids": [],
        "user_id": "2acb499e-8428-543b-bd85-0d9098718220",
        "type": "mp3",
        "metadata": {
          "version": "v0"
        },
        "title": "sample2.mp3",
        "version": "v0",
        "size_in_bytes": 96608,
        "ingestion_status": "parsing",
        "restructuring_status": "pending",
        "created_at": "2024-09-20T22:26:22.514341Z",
        "updated_at": "2024-09-20T22:31:28.764706Z",
        "ingestion_attempt_number": null
      },
      {
        "id": "52e12576-090f-59db-91f4-6d4b2e29ae6c",
        "collection_ids": [],
        "user_id": "2acb499e-8428-543b-bd85-0d9098718220",
        "type": "mp3",
        "metadata": {
          "version": "v0"
        },
        "title": "sample.mp3",
        "version": "v0",
        "size_in_bytes": 162228,
        "ingestion_status": "parsing",
        "restructuring_status": "pending",
        "created_at": "2024-09-20T22:26:22.511994Z",
        "updated_at": "2024-09-20T22:31:28.770493Z",
        "ingestion_attempt_number": null
      },
      {
        "id": "b4ac4dd6-5f27-596e-a55b-7cf242ca30aa",
        "collection_ids": [],
        "user_id": "2acb499e-8428-543b-bd85-0d9098718220",
        "type": "html",
        "metadata": {
          "version": "v0"
        },
        "title": "pg_essay_1.html",
        "version": "v0",
        "size_in_bytes": 175340,
        "ingestion_status": "parsing",
        "restructuring_status": "pending",
        "created_at": "2024-09-20T22:26:21.855243Z",
        "updated_at": "2024-09-20T22:31:28.769460Z",
        "ingestion_attempt_number": null
      }
    ],
    "total_entries": 16
  },
  "document_chunks_test": {
    "results": [
      {
        "fragment_id": "67e7ab57-eaa0-57d8-9276-da273abcdabd",
        "extraction_id": "286b3218-517c-50bf-b8ea-1262e8ec6b42",
        "document_id": "b4ac4dd6-5f27-596e-a55b-7cf242ca30aa",
        "user_id": "2acb499e-8428-543b-bd85-0d9098718220",
        "collection_ids": [],
        "text": "June 2021 A few days ago, on the way home from school, my nine year old son",
        "metadata": {
          "version": "v0",
          "chunk_order": 0,
          "document_type": "html",
          "unstructured_filetype": "text/html",
          "unstructured_languages": [
            "eng"
          ],
          "unstructured_text_as_html": "<table><tr><td>June 2021 A few days ago, on the way home from school, my nine year old son</td></tr></table>",
          "partitioned_by_unstructured": true,
          "unstructured_is_continuation": true
        }
      }
    ],
    "total_entries": 1
  },
  "update_document_test": {
    "results": {
      "message": "Update task queued successfully.",
      "task_id": "1828ac12-0804-47cf-9623-8110324a52b1",
      "document_ids": [
        "9fbe403b-c11c-5aae-8ade-ef22980c3ad1"
      ]
    }
  },
  "rerun_documents_overview_test_1": {
    "results": [
      {
        "id": "5b1bd54f-4d70-56b9-a017-a618bc75f94c",
        "collection_ids": [],
        "user_id": "2acb499e-8428-543b-bd85-0d9098718220",
        "type": "html",
        "metadata": {
          "version": "v0"
        },
        "title": "pg_essay_3.html",
        "version": "v0",
        "size_in_bytes": 166556,
        "ingestion_status": "success",
        "restructuring_status": "pending",
        "created_at": "2024-09-20T22:26:27.535113Z",
        "updated_at": "2024-09-20T22:31:28.791381Z",
        "ingestion_attempt_number": null
      },
      {
        "id": "451adbbd-e24e-5c9b-80a8-f424b6c7accb",
        "collection_ids": [],
        "user_id": "2acb499e-8428-543b-bd85-0d9098718220",
        "type": "png",
        "metadata": {
          "version": "v0"
        },
        "title": "screen_shot.png",
        "version": "v0",
        "size_in_bytes": 1055688,
        "ingestion_status": "success",
        "restructuring_status": "pending",
        "created_at": "2024-09-20T22:26:27.522881Z",
        "updated_at": "2024-09-20T22:31:28.779863Z",
        "ingestion_attempt_number": null
      },
      {
        "id": "d421207a-d799-5806-8d67-46b2005b15d4",
        "collection_ids": [],
        "user_id": "2acb499e-8428-543b-bd85-0d9098718220",
        "type": "txt",
        "metadata": {
          "version": "v0"
        },
        "title": "yc_companies.txt",
        "version": "v0",
        "size_in_bytes": 62948,
        "ingestion_status": "success",
        "restructuring_status": "pending",
        "created_at": "2024-09-20T22:26:26.639855Z",
        "updated_at": "2024-09-20T22:31:28.766869Z",
        "ingestion_attempt_number": null
      },
      {
        "id": "30f950f0-c692-57c5-b6ec-ff78ccf5ccdc",
        "collection_ids": [],
        "user_id": "2acb499e-8428-543b-bd85-0d9098718220",
        "type": "txt",
        "metadata": {
          "version": "v0"
        },
        "title": "test.txt",
        "version": "v0",
        "size_in_bytes": 28,
        "ingestion_status": "success",
        "restructuring_status": "pending",
        "created_at": "2024-09-20T22:26:26.525053Z",
        "updated_at": "2024-09-20T22:31:28.806823Z",
        "ingestion_attempt_number": null
      },
      {
        "id": "9fbe403b-c11c-5aae-8ade-ef22980c3ad1",
        "collection_ids": [],
        "user_id": "2acb499e-8428-543b-bd85-0d9098718220",
        "type": "txt",
        "metadata": {
          "title": "aristotle_v2.txt",
          "version": "v1"
        },
        "title": "aristotle_v2.txt",
        "version": "v1",
        "size_in_bytes": 2534,
        "ingestion_status": "success",
        "restructuring_status": "pending",
        "created_at": "2024-09-20T22:26:26.521911Z",
        "updated_at": "2024-09-20T22:31:45.500072Z",
        "ingestion_attempt_number": null
      },
      {
        "id": "57eec3df-cf68-5559-a80d-ae3fb55b9af1",
        "collection_ids": [],
        "user_id": "2acb499e-8428-543b-bd85-0d9098718220",
        "type": "html",
        "metadata": {
          "version": "v0"
        },
        "title": "pg_essay_2.html",
        "version": "v0",
        "size_in_bytes": 166816,
        "ingestion_status": "success",
        "restructuring_status": "pending",
        "created_at": "2024-09-20T22:26:26.517088Z",
        "updated_at": "2024-09-20T22:31:28.836602Z",
        "ingestion_attempt_number": null
      },
      {
        "id": "2f576170-c4f9-5141-a910-a0924f341de4",
        "collection_ids": [],
        "user_id": "2acb499e-8428-543b-bd85-0d9098718220",
        "type": "pdf",
        "metadata": {
          "version": "v0"
        },
        "title": "lyft_2021.pdf",
        "version": "v0",
        "size_in_bytes": 1920404,
        "ingestion_status": "parsing",
        "restructuring_status": "pending",
        "created_at": "2024-09-20T22:26:26.513642Z",
        "updated_at": "2024-09-20T22:31:28.773388Z",
        "ingestion_attempt_number": null
      },
      {
        "id": "7c1105fc-8f62-5a8f-ac81-fe88f3ec9e4c",
        "collection_ids": [],
        "user_id": "2acb499e-8428-543b-bd85-0d9098718220",
        "type": "html",
        "metadata": {
          "version": "v0"
        },
        "title": "pg_essay_5.html",
        "version": "v0",
        "size_in_bytes": 165040,
        "ingestion_status": "success",
        "restructuring_status": "pending",
        "created_at": "2024-09-20T22:26:26.511219Z",
        "updated_at": "2024-09-20T22:31:28.786697Z",
        "ingestion_attempt_number": null
      },
      {
        "id": "7b0f40c5-2ace-5781-ae35-ead99ddee8c5",
        "collection_ids": [],
        "user_id": "2acb499e-8428-543b-bd85-0d9098718220",
        "type": "pdf",
        "metadata": {
          "version": "v0"
        },
        "title": "graphrag.pdf",
        "version": "v0",
        "size_in_bytes": 2287544,
        "ingestion_status": "success",
        "restructuring_status": "pending",
        "created_at": "2024-09-20T22:26:26.504459Z",
        "updated_at": "2024-09-20T22:31:28.767620Z",
        "ingestion_attempt_number": null
      },
      {
        "id": "e797da22-8c5d-54e5-bed5-a55954cf6bf9",
        "collection_ids": [],
        "user_id": "2acb499e-8428-543b-bd85-0d9098718220",
        "type": "html",
        "metadata": {
          "version": "v0"
        },
        "title": "pg_essay_4.html",
        "version": "v0",
        "size_in_bytes": 157484,
        "ingestion_status": "success",
        "restructuring_status": "pending",
        "created_at": "2024-09-20T22:26:22.528586Z",
        "updated_at": "2024-09-20T22:31:28.789182Z",
        "ingestion_attempt_number": null
      },
      {
        "id": "c3291abf-8a4e-5d9d-80fd-232ef6fd8526",
        "collection_ids": [],
        "user_id": "2acb499e-8428-543b-bd85-0d9098718220",
        "type": "txt",
        "metadata": {
          "version": "v0"
        },
        "title": "aristotle_v2.txt",
        "version": "v0",
        "size_in_bytes": 3380,
        "ingestion_status": "success",
        "restructuring_status": "pending",
        "created_at": "2024-09-20T22:26:22.524513Z",
        "updated_at": "2024-09-20T22:31:28.766240Z",
        "ingestion_attempt_number": null
      },
      {
        "id": "716fea3a-826b-5b27-8e59-ffbd1a35455a",
        "collection_ids": [],
        "user_id": "2acb499e-8428-543b-bd85-0d9098718220",
        "type": "txt",
        "metadata": {
          "version": "v0"
        },
        "title": "got.txt",
        "version": "v0",
        "size_in_bytes": 12656,
        "ingestion_status": "success",
        "restructuring_status": "pending",
        "created_at": "2024-09-20T22:26:22.517526Z",
        "updated_at": "2024-09-20T22:31:28.765359Z",
        "ingestion_attempt_number": null
      },
      {
        "id": "3e157b3a-8469-51db-90d9-52e7d896b49b",
        "collection_ids": [],
        "user_id": "2acb499e-8428-543b-bd85-0d9098718220",
        "type": "pdf",
        "metadata": {
          "version": "v0"
        },
        "title": "uber_2021.pdf",
        "version": "v0",
        "size_in_bytes": 2507312,
        "ingestion_status": "parsing",
        "restructuring_status": "pending",
        "created_at": "2024-09-20T22:26:22.515504Z",
        "updated_at": "2024-09-20T22:31:28.782778Z",
        "ingestion_attempt_number": null
      },
      {
        "id": "01d514a4-5cb1-5c86-be8c-0c5c312a02c9",
        "collection_ids": [],
        "user_id": "2acb499e-8428-543b-bd85-0d9098718220",
        "type": "mp3",
        "metadata": {
          "version": "v0"
        },
        "title": "sample2.mp3",
        "version": "v0",
        "size_in_bytes": 96608,
        "ingestion_status": "success",
        "restructuring_status": "pending",
        "created_at": "2024-09-20T22:26:22.514341Z",
        "updated_at": "2024-09-20T22:31:28.764706Z",
        "ingestion_attempt_number": null
      },
      {
        "id": "52e12576-090f-59db-91f4-6d4b2e29ae6c",
        "collection_ids": [],
        "user_id": "2acb499e-8428-543b-bd85-0d9098718220",
        "type": "mp3",
        "metadata": {
          "version": "v0"
        },
        "title": "sample.mp3",
        "version": "v0",
        "size_in_bytes": 162228,
        "ingestion_status": "success",
        "restructuring_status": "pending",
        "created_at": "2024-09-20T22:26:22.511994Z",
        "updated_at": "2024-09-20T22:31:28.770493Z",
        "ingestion_attempt_number": null
      },
      {
        "id": "b4ac4dd6-5f27-596e-a55b-7cf242ca30aa",
        "collection_ids": [],
        "user_id": "2acb499e-8428-543b-bd85-0d9098718220",
        "type": "html",
        "metadata": {
          "version": "v0"
        },
        "title": "pg_essay_1.html",
        "version": "v0",
        "size_in_bytes": 175340,
        "ingestion_status": "success",
        "restructuring_status": "pending",
        "created_at": "2024-09-20T22:26:21.855243Z",
        "updated_at": "2024-09-20T22:31:28.769460Z",
        "ingestion_attempt_number": null
      }
    ],
    "total_entries": 16
  },
  "delete_document_test": {
    "results": {}
  },
  "rerun_documents_overview_test_2": {
    "results": [
      {
        "id": "5b1bd54f-4d70-56b9-a017-a618bc75f94c",
        "collection_ids": [],
        "user_id": "2acb499e-8428-543b-bd85-0d9098718220",
        "type": "html",
        "metadata": {
          "version": "v0"
        },
        "title": "pg_essay_3.html",
        "version": "v0",
        "size_in_bytes": 166556,
        "ingestion_status": "success",
        "restructuring_status": "pending",
        "created_at": "2024-09-20T22:26:27.535113Z",
        "updated_at": "2024-09-20T22:31:28.791381Z",
        "ingestion_attempt_number": null
      },
      {
        "id": "451adbbd-e24e-5c9b-80a8-f424b6c7accb",
        "collection_ids": [],
        "user_id": "2acb499e-8428-543b-bd85-0d9098718220",
        "type": "png",
        "metadata": {
          "version": "v0"
        },
        "title": "screen_shot.png",
        "version": "v0",
        "size_in_bytes": 1055688,
        "ingestion_status": "success",
        "restructuring_status": "pending",
        "created_at": "2024-09-20T22:26:27.522881Z",
        "updated_at": "2024-09-20T22:31:28.779863Z",
        "ingestion_attempt_number": null
      },
      {
        "id": "d421207a-d799-5806-8d67-46b2005b15d4",
        "collection_ids": [],
        "user_id": "2acb499e-8428-543b-bd85-0d9098718220",
        "type": "txt",
        "metadata": {
          "version": "v0"
        },
        "title": "yc_companies.txt",
        "version": "v0",
        "size_in_bytes": 62948,
        "ingestion_status": "success",
        "restructuring_status": "pending",
        "created_at": "2024-09-20T22:26:26.639855Z",
        "updated_at": "2024-09-20T22:31:28.766869Z",
        "ingestion_attempt_number": null
      },
      {
        "id": "30f950f0-c692-57c5-b6ec-ff78ccf5ccdc",
        "collection_ids": [],
        "user_id": "2acb499e-8428-543b-bd85-0d9098718220",
        "type": "txt",
        "metadata": {
          "version": "v0"
        },
        "title": "test.txt",
        "version": "v0",
        "size_in_bytes": 28,
        "ingestion_status": "success",
        "restructuring_status": "pending",
        "created_at": "2024-09-20T22:26:26.525053Z",
        "updated_at": "2024-09-20T22:31:28.806823Z",
        "ingestion_attempt_number": null
      },
      {
        "id": "9fbe403b-c11c-5aae-8ade-ef22980c3ad1",
        "collection_ids": [],
        "user_id": "2acb499e-8428-543b-bd85-0d9098718220",
        "type": "txt",
        "metadata": {
          "title": "aristotle_v2.txt",
          "version": "v1"
        },
        "title": "aristotle_v2.txt",
        "version": "v1",
        "size_in_bytes": 2534,
        "ingestion_status": "success",
        "restructuring_status": "pending",
        "created_at": "2024-09-20T22:26:26.521911Z",
        "updated_at": "2024-09-20T22:31:45.500072Z",
        "ingestion_attempt_number": null
      },
      {
        "id": "57eec3df-cf68-5559-a80d-ae3fb55b9af1",
        "collection_ids": [],
        "user_id": "2acb499e-8428-543b-bd85-0d9098718220",
        "type": "html",
        "metadata": {
          "version": "v0"
        },
        "title": "pg_essay_2.html",
        "version": "v0",
        "size_in_bytes": 166816,
        "ingestion_status": "success",
        "restructuring_status": "pending",
        "created_at": "2024-09-20T22:26:26.517088Z",
        "updated_at": "2024-09-20T22:31:28.836602Z",
        "ingestion_attempt_number": null
      },
      {
        "id": "2f576170-c4f9-5141-a910-a0924f341de4",
        "collection_ids": [],
        "user_id": "2acb499e-8428-543b-bd85-0d9098718220",
        "type": "pdf",
        "metadata": {
          "version": "v0"
        },
        "title": "lyft_2021.pdf",
        "version": "v0",
        "size_in_bytes": 1920404,
        "ingestion_status": "parsing",
        "restructuring_status": "pending",
        "created_at": "2024-09-20T22:26:26.513642Z",
        "updated_at": "2024-09-20T22:31:28.773388Z",
        "ingestion_attempt_number": null
      },
      {
        "id": "7c1105fc-8f62-5a8f-ac81-fe88f3ec9e4c",
        "collection_ids": [],
        "user_id": "2acb499e-8428-543b-bd85-0d9098718220",
        "type": "html",
        "metadata": {
          "version": "v0"
        },
        "title": "pg_essay_5.html",
        "version": "v0",
        "size_in_bytes": 165040,
        "ingestion_status": "success",
        "restructuring_status": "pending",
        "created_at": "2024-09-20T22:26:26.511219Z",
        "updated_at": "2024-09-20T22:31:28.786697Z",
        "ingestion_attempt_number": null
      },
      {
        "id": "7b0f40c5-2ace-5781-ae35-ead99ddee8c5",
        "collection_ids": [],
        "user_id": "2acb499e-8428-543b-bd85-0d9098718220",
        "type": "pdf",
        "metadata": {
          "version": "v0"
        },
        "title": "graphrag.pdf",
        "version": "v0",
        "size_in_bytes": 2287544,
        "ingestion_status": "success",
        "restructuring_status": "pending",
        "created_at": "2024-09-20T22:26:26.504459Z",
        "updated_at": "2024-09-20T22:31:28.767620Z",
        "ingestion_attempt_number": null
      },
      {
        "id": "e797da22-8c5d-54e5-bed5-a55954cf6bf9",
        "collection_ids": [],
        "user_id": "2acb499e-8428-543b-bd85-0d9098718220",
        "type": "html",
        "metadata": {
          "version": "v0"
        },
        "title": "pg_essay_4.html",
        "version": "v0",
        "size_in_bytes": 157484,
        "ingestion_status": "success",
        "restructuring_status": "pending",
        "created_at": "2024-09-20T22:26:22.528586Z",
        "updated_at": "2024-09-20T22:31:28.789182Z",
        "ingestion_attempt_number": null
      },
      {
        "id": "c3291abf-8a4e-5d9d-80fd-232ef6fd8526",
        "collection_ids": [],
        "user_id": "2acb499e-8428-543b-bd85-0d9098718220",
        "type": "txt",
        "metadata": {
          "version": "v0"
        },
        "title": "aristotle_v2.txt",
        "version": "v0",
        "size_in_bytes": 3380,
        "ingestion_status": "success",
        "restructuring_status": "pending",
        "created_at": "2024-09-20T22:26:22.524513Z",
        "updated_at": "2024-09-20T22:31:28.766240Z",
        "ingestion_attempt_number": null
      },
      {
        "id": "716fea3a-826b-5b27-8e59-ffbd1a35455a",
        "collection_ids": [],
        "user_id": "2acb499e-8428-543b-bd85-0d9098718220",
        "type": "txt",
        "metadata": {
          "version": "v0"
        },
        "title": "got.txt",
        "version": "v0",
        "size_in_bytes": 12656,
        "ingestion_status": "success",
        "restructuring_status": "pending",
        "created_at": "2024-09-20T22:26:22.517526Z",
        "updated_at": "2024-09-20T22:31:28.765359Z",
        "ingestion_attempt_number": null
      },
      {
        "id": "3e157b3a-8469-51db-90d9-52e7d896b49b",
        "collection_ids": [],
        "user_id": "2acb499e-8428-543b-bd85-0d9098718220",
        "type": "pdf",
        "metadata": {
          "version": "v0"
        },
        "title": "uber_2021.pdf",
        "version": "v0",
        "size_in_bytes": 2507312,
        "ingestion_status": "parsing",
        "restructuring_status": "pending",
        "created_at": "2024-09-20T22:26:22.515504Z",
        "updated_at": "2024-09-20T22:31:28.782778Z",
        "ingestion_attempt_number": null
      },
      {
        "id": "01d514a4-5cb1-5c86-be8c-0c5c312a02c9",
        "collection_ids": [],
        "user_id": "2acb499e-8428-543b-bd85-0d9098718220",
        "type": "mp3",
        "metadata": {
          "version": "v0"
        },
        "title": "sample2.mp3",
        "version": "v0",
        "size_in_bytes": 96608,
        "ingestion_status": "success",
        "restructuring_status": "pending",
        "created_at": "2024-09-20T22:26:22.514341Z",
        "updated_at": "2024-09-20T22:31:28.764706Z",
        "ingestion_attempt_number": null
      },
      {
        "id": "52e12576-090f-59db-91f4-6d4b2e29ae6c",
        "collection_ids": [],
        "user_id": "2acb499e-8428-543b-bd85-0d9098718220",
        "type": "mp3",
        "metadata": {
          "version": "v0"
        },
        "title": "sample.mp3",
        "version": "v0",
        "size_in_bytes": 162228,
        "ingestion_status": "success",
        "restructuring_status": "pending",
        "created_at": "2024-09-20T22:26:22.511994Z",
        "updated_at": "2024-09-20T22:31:28.770493Z",
        "ingestion_attempt_number": null
      }
    ],
    "total_entries": 15
  },
  "rerun_document_chunks_test": {
    "results": "{\"detail\":{\"message\":\"An error 'list index out of range' occurred during document_chunks_app\",\"error\":\"list index out of range\",\"error_type\":\"IndexError\"}}"
  }
}
